-----------------------------------------------------------------------------------------------------------------------------------------------------------------
|         |00:00|01:00|02:00|03:00|04:00|05:00|06:00|07:00|08:00|09:00|10:00|11:00|12:00|13:00|14:00|15:00|16:00|17:00|18:00|19:00|20:00|21:00|22:00|23:00|Total|
-----------------------------------------------------------------------------------------------------------------------------------------------------------------
|Monday   |    0|    0|    0|    0|    0|    0|    0|    0|    0|    0|    0|    0|    0|    0|  720|  720|  720|    0|    0|    0|    0|    0|    0|    0| 2160|
|Tuesday  |    0|    0|    0|    0|    0|    0|    0|    0|    0|    0|    0|    0|  360|    0|    0|    0|    0|    0|    0|    0|    0|    0|    0|    0|  360|
|Wednesday|    0|    0|    0|    0|    0|    0|    0|    0|    0|    0|    0|    0|    0|    0|    0|    0|    0|    0|    0|    0|    0|  720|  720|  720| 2160|
|Thursday |  720|    0|    0|    0|    0|    0|    0|    0|    0|    0|    0|    0|    0|    0|    0|    0|    0|    0|    0|    0|    0|    0|    0|    0|  720|
|Friday   |    0|    0|    0|    0|    0|    0|    0|    0|    0|    0|    0|  720|  720|  720|  720|  720|  720|  720|  720|  720|  720|  720|  720|  720| 9360|
|Saturday |  720|  720|  720|  720|  720|  720|  720|  720|  720|  720|  720|  720|  720|  720|  720|  720|  720|  720|  720|  720| 1440| 1440| 1440| 1440|20160|
|Sunday   | 1440| 1440| 1440| 1440| 1440| 1440| 1440| 1440| 1440| 1440|  720|  720|  720|    0|    0|    0|    0|    0|    0|    0|    0|    0|    0|    0|16560|
-----------------------------------------------------------------------------------------------------------------------------------------------------------------
