-----------------------------------------------------------------------------------------------------------------------------------------------------------------
|         |00:00|01:00|02:00|03:00|04:00|05:00|06:00|07:00|08:00|09:00|10:00|11:00|12:00|13:00|14:00|15:00|16:00|17:00|18:00|19:00|20:00|21:00|22:00|23:00|Total|
-----------------------------------------------------------------------------------------------------------------------------------------------------------------
|Monday   |  900|  900|  900|  900|  900|  900|  900|  450|    0|    0|    0|    0|    0|    0|    0|    0|    0|    0|    0|    0|    0|    0|    0|  900| 7650|
|Tuesday  |  900|  900|  900|  900|    0|    0|    0|    0|    0|    0|    0|    0|    0|    0|    0|    0|    0|    0|    0|    0|    0|    0|    0|    0| 3600|
|Wednesday|    0|    0|    0|    0|    0|    0|    0|    0|    0|    0|    0|    0|    0|    0|    0|    0|    0|    0|    0|    0|    0|    0|  225|  900| 1125|
|Thursday |  900|  450|    0|    0|    0|    0|    0|    0|    0|    0|    0|    0|    0|    0|    0|    0|    0|    0|    0|    0|    0|    0|    0|    0| 1350|
|Friday   |    0|    0|    0|    0|    0|    0|    0|    0|    0|    0|    0|    0|    0|    0|    0|    0|    0|    0|    0|    0|    0|    0|    0|    1|    1|
|Saturday |    1|    0|    0|    0|    0|    0|    0|    0|    0|    0|    0|    0|    0|    0|    0|    0|    0|    0|    0|    0|    0|    0|    0|    0|    1|
|Sunday   |    0|    0|    0|    0|    0|    0|    0|    0|    0|    0|    0|    0|    0|    0|    0|    0|    0|    0|    0|    0|    0|  900|  900|  900| 2700|
-----------------------------------------------------------------------------------------------------------------------------------------------------------------
