-----------------------------------------------------------------------------------------------------------------------------------------------------------------
|         |00:00|01:00|02:00|03:00|04:00|05:00|06:00|07:00|08:00|09:00|10:00|11:00|12:00|13:00|14:00|15:00|16:00|17:00|18:00|19:00|20:00|21:00|22:00|23:00|Total|
-----------------------------------------------------------------------------------------------------------------------------------------------------------------
|Monday   | 1798| 1799| 1800| 1796| 1796| 1797| 1796| 1797| 1799| 1802| 1806| 1809| 1809| 1807| 1805| 1805| 1804| 1800| 1798| 1800| 1806| 1811| 1816| 1813|43268|
|Tuesday  | 1811| 1808| 1810| 1812| 1811| 1810| 1810| 1810| 1808| 1809| 1806| 1809| 1812| 1816| 1819| 1826| 1827| 1824| 1822| 1822| 1820| 1820| 1819| 1818|43561|
|Wednesday| 1813| 1803| 1799| 1792| 1786| 1788| 1789| 1787| 1792| 1790| 1790| 1790| 1792| 1796| 1795| 1795| 1796| 1799| 1802| 1802| 1799| 1799| 1800| 1805|43099|
|Thursday | 1804| 1804| 1804| 1801| 1804| 1807| 1803| 1801| 1800| 1798| 1801| 1805| 1807| 1808| 1808| 1811| 1815| 1822| 1823| 1822| 1825| 1826| 1827| 1830|43458|
|Friday   | 1828| 1827| 1824| 1818| 1813| 1814| 1816| 1811| 1813| 1815| 1811| 1811| 1810| 1806| 1809| 1813| 1811| 1815| 1813| 1812| 1814| 1814| 1811| 1805|43534|
|Saturday | 1804| 1810| 1807| 1807| 1809| 1809| 1809| 1809| 1807| 1809| 1804| 1801| 1800| 1810| 1818| 1819| 1817| 1816| 1818| 1818| 1818| 1818| 1817| 1813|43468|
|Sunday   | 1810| 1809| 1809| 1812| 1811| 1803| 1800| 1797| 1797| 1795| 1792| 1790| 1790| 1789| 1791| 1789| 1786| 1787| 1793| 1795| 1792| 1794| 1798| 1800|43129|
-----------------------------------------------------------------------------------------------------------------------------------------------------------------
