-----------------------------------------------------------------------------------------------------------------------------------------------------------------
|         |00:00|01:00|02:00|03:00|04:00|05:00|06:00|07:00|08:00|09:00|10:00|11:00|12:00|13:00|14:00|15:00|16:00|17:00|18:00|19:00|20:00|21:00|22:00|23:00|Total|
-----------------------------------------------------------------------------------------------------------------------------------------------------------------
|Monday   | 1787| 1781| 1776| 1775| 1777| 1777| 1774| 1776| 1777| 1779| 1776| 1771| 1773| 1776| 1777| 1779| 1784| 1781| 1778| 1783| 1782| 1784| 1784| 1782|42687|
|Tuesday  | 1781| 1782| 1787| 1787| 1788| 1792| 1794| 1792| 1790| 1793| 1797| 1795| 1796| 1797| 1799| 1798| 1796| 1793| 1793| 1794| 1794| 1793| 1790| 1788|43008|
|Wednesday| 1787| 1791| 1785| 1776| 1774| 1772| 1778| 1782| 1783| 1780| 1786| 1780| 1776| 1777| 1780| 1785| 1787| 1794| 1795| 1794| 1791| 1790| 1787| 1792|42820|
|Thursday | 1794| 1793| 1792| 1786| 1780| 1781| 1784| 1784| 1782| 1782| 1781| 1783| 1785| 1786| 1789| 1792| 1800| 1799| 1800| 1801| 1804| 1806| 1808| 1811|43002|
|Friday   | 1811| 1808| 1807| 1807| 1809| 1810| 1809| 1810| 1816| 1820| 1820| 1815| 1821| 1819| 1820| 1815| 1807| 1807| 1810| 1803| 1794| 1793| 1796| 1792|43417|
|Saturday | 1794| 1794| 1794| 1794| 1795| 1794| 1796| 1799| 1797| 1793| 1789| 1792| 1791| 1791| 1788| 1793| 1793| 1788| 1786| 1788| 1790| 1791| 1787| 1787|43004|
|Sunday   | 1786| 1790| 1790| 1788| 1784| 1781| 1783| 1783| 1784| 1785| 1785| 1790| 1793| 1793| 1791| 1787| 1785| 1784| 1783| 1784| 1790| 1788| 1789| 1786|42881|
-----------------------------------------------------------------------------------------------------------------------------------------------------------------
